// Jest Snapshot v1, https://goo.gl/fbAQLP

exports[`GifExpertApp component tests debe hacer math con el snapshot 1`] = `
<div>
  <h1>
    Gif Expert App
  </h1>
  <div
    class="addCategory-container"
  >
    <form
      aria-label="form"
    >
      <input
        name=""
        placeholder="Busca todos lo gif"
        type="search"
        value=""
      />
    </form>
  </div>
  <div
    class="content"
  >
    <h2>
      Noticias
    </h2>
    <h2>
      Loading...
    </h2>
    <div
      class="gif-grid"
    />
  </div>
  <div
    class="content"
  >
    <h2>
      Tractor
    </h2>
    <h2>
      Loading...
    </h2>
    <div
      class="gif-grid"
    />
  </div>
</div>
`;
